// Jest Snapshot v1, https://goo.gl/fbAQLP

exports[`TileElement component renders correctly TileElement 1`] = `
Object {
  "asFragment": [Function],
  "baseElement": <body>
    <div>
      <div
        class="fr-tile fr-tile--grey fr-enlarge-link fr-tile--horizontal w-100"
        role="button"
        style="box-shadow: inset 0 0 0 1px var(--border-default-grey),inset 0 -.25rem 0 0 #000091;"
        tabindex="0"
      >
        <div
          class="fr-tile__body"
        >
          <h3
            class="fr-tile__title"
          >
            <a
              aria-disabled="true"
              class="fr-tile__link"
              role="link"
              target="_self"
            >
              Title 0
            </a>
          </h3>
          <p
            class="fr-tile__desc"
          >
            subTitle
          </p>
          <div
            class="fr-container-fluid w-100"
          >
            <div
              class="fr-grid-row fr-grid-row--top"
            >
              <div
                class="fr-col-11"
              >
                <div>
                  body
                </div>
              </div>
              <div
                class="fr-col-1 txt-right"
              >
                <span>
                  <span
                    aria-hidden="false"
                    class="ri-2x icon-left ds-fr--v-middle ri-focus-2-fill"
                    style="color: rgb(0, 0, 145);"
                  />
                </span>
              </div>
            </div>
          </div>
        </div>
      </div>
    </div>
  </body>,
  "container": <div>
    <div
      class="fr-tile fr-tile--grey fr-enlarge-link fr-tile--horizontal w-100"
      role="button"
      style="box-shadow: inset 0 0 0 1px var(--border-default-grey),inset 0 -.25rem 0 0 #000091;"
      tabindex="0"
    >
      <div
        class="fr-tile__body"
      >
        <h3
          class="fr-tile__title"
        >
          <a
            aria-disabled="true"
            class="fr-tile__link"
            role="link"
            target="_self"
          >
            Title 0
          </a>
        </h3>
        <p
          class="fr-tile__desc"
        >
          subTitle
        </p>
        <div
          class="fr-container-fluid w-100"
        >
          <div
            class="fr-grid-row fr-grid-row--top"
          >
            <div
              class="fr-col-11"
            >
              <div>
                body
              </div>
            </div>
            <div
              class="fr-col-1 txt-right"
            >
              <span>
                <span
                  aria-hidden="false"
                  class="ri-2x icon-left ds-fr--v-middle ri-focus-2-fill"
                  style="color: rgb(0, 0, 145);"
                />
              </span>
            </div>
          </div>
        </div>
      </div>
    </div>
  </div>,
  "debug": [Function],
  "findAllByAltText": [Function],
  "findAllByDisplayValue": [Function],
  "findAllByLabelText": [Function],
  "findAllByPlaceholderText": [Function],
  "findAllByRole": [Function],
  "findAllByTestId": [Function],
  "findAllByText": [Function],
  "findAllByTitle": [Function],
  "findByAltText": [Function],
  "findByDisplayValue": [Function],
  "findByLabelText": [Function],
  "findByPlaceholderText": [Function],
  "findByRole": [Function],
  "findByTestId": [Function],
  "findByText": [Function],
  "findByTitle": [Function],
  "getAllByAltText": [Function],
  "getAllByDisplayValue": [Function],
  "getAllByLabelText": [Function],
  "getAllByPlaceholderText": [Function],
  "getAllByRole": [Function],
  "getAllByTestId": [Function],
  "getAllByText": [Function],
  "getAllByTitle": [Function],
  "getByAltText": [Function],
  "getByDisplayValue": [Function],
  "getByLabelText": [Function],
  "getByPlaceholderText": [Function],
  "getByRole": [Function],
  "getByTestId": [Function],
  "getByText": [Function],
  "getByTitle": [Function],
  "queryAllByAltText": [Function],
  "queryAllByDisplayValue": [Function],
  "queryAllByLabelText": [Function],
  "queryAllByPlaceholderText": [Function],
  "queryAllByRole": [Function],
  "queryAllByTestId": [Function],
  "queryAllByText": [Function],
  "queryAllByTitle": [Function],
  "queryByAltText": [Function],
  "queryByDisplayValue": [Function],
  "queryByLabelText": [Function],
  "queryByPlaceholderText": [Function],
  "queryByRole": [Function],
  "queryByTestId": [Function],
  "queryByText": [Function],
  "queryByTitle": [Function],
  "rerender": [Function],
  "unmount": [Function],
}
`;
