// Jest Snapshot v1, https://goo.gl/fbAQLP

exports[`<LinkTo /> renders correctly LinkTo 1`] = `
<div
  className="LinkTo"
>
  <a
    href="/update/structure"
    onClick={[Function]}
    onMouseEnter={[Function]}
  >
    <span>
      Ceci est mon texte
      <span
        aria-hidden={true}
        className="ri-lg icon-right ds-fr--v-middle ri-arrow-right-line"
      />
    </span>
  </a>
</div>
`;
